Microchip MPLAB XC8 Compiler V2.32

Linker command line:

-W-3 --edf=C:\Program Files\Microchip\xc8\v2.32\pic\dat\en_msgs.txt -cn \
  -h+dist/default/production\SSPI_Library.X.production.sym \
  --cmf=dist/default/production\SSPI_Library.X.production.cmf -z -Q16F877A \
  -oC:\Users\ank12\AppData\Local\Temp\xcAs95o.4 --defsym=__MPLAB_BUILD=1 \
  -Mdist/default/production/SSPI_Library.X.production.map -E1 \
  -ver=XC8 Compiler --acfsm=1493 -ASTACK=0110h-016Fh -pstack=STACK \
  -ACODE=00h-07FFhx4 -ASTRCODE=00h-01FFFh -ASTRING=00h-0FFhx32 \
  -ACONST=00h-0FFhx32 -AENTRY=00h-0FFhx32 -ACOMMON=070h-07Fh \
  -ABANK0=020h-06Fh -ABANK1=0A0h-0EFh -ABANK2=0110h-016Fh \
  -ABANK3=0190h-01EFh -ARAM=020h-06Fh,0A0h-0EFh,0110h-016Fh,0190h-01EFh \
  -AABS1=020h-07Fh,0A0h-0EFh,0110h-016Fh,0190h-01EFh -ASFR0=00h-01Fh \
  -ASFR1=080h-09Fh -ASFR2=0100h-010Fh -ASFR3=0180h-018Fh \
  -ACONFIG=02007h-02007h -DCONFIG=2 -AIDLOC=02000h-02003h -DIDLOC=2 \
  -AEEDATA=00h-0FFh/02100h -peeprom_data=EEDATA -DEEDATA=2 -DCODE=2 \
  -DSTRCODE=2 -DSTRING=2 -DCONST=2 -DENTRY=2 \
  -preset_vec=00h,intentry,init,end_init -ppowerup=CODE -pcinit=CODE \
  -pfunctab=ENTRY -k C:\Users\ank12\AppData\Local\Temp\xcAs95o.o \
  dist/default/production\SSPI_Library.X.production.o 

Object code version is 3.11

Machine type is 16F877A



                Name                               Link     Load   Length Selector   Space Scale
C:\Users\ank12\AppData\Local\Temp\xcAs95o.o
                end_init                              0        0        3        0       0
                config                             2007     2007        1        0       4
dist/default/production\SSPI_Library.X.production.o
                cinit                               7F7      7F7        9      FEE       0
                config                             2007     2007        1        0       4
                text10                              5C7      5C7       22      B8E       0
                text9                               5AD      5AD       1A      B5A       0
                text8                               5A0      5A0        D      B40       0
                text7                               722      722       5E      E44       0
                text6                               67D      67D       52      CFA       0
                text5                               6CF      6CF       53      D9E       0
                text4                               616      616       31      C2C       0
                text3                               597      597        9      B2E       0
                text2                               647      647       36      C8E       0
                text1                               5E9      5E9       2D      BD2       0
                maintext                            780      780       77      F00       0
                cstackBANK0                          20       20        4       20       1
                cstackCOMMON                         70       70        C       70       1
                bssBANK0                             24       24        2       20       1
                bssCOMMON                            7C       7C        1       70       1
                strings                               3        3       12        6       0

TOTAL           Name                               Link     Load   Length     Space
        CLASS   STACK          

        CLASS   CODE           
                end_init                              0        0        3         0
                cinit                               7F7      7F7        9         0
                text10                              5C7      5C7       22         0
                text9                               5AD      5AD       1A         0
                text8                               5A0      5A0        D         0
                text7                               722      722       5E         0
                text6                               67D      67D       52         0
                text5                               6CF      6CF       53         0
                text4                               616      616       31         0
                text3                               597      597        9         0
                text2                               647      647       36         0
                text1                               5E9      5E9       2D         0
                maintext                            780      780       77         0

        CLASS   STRCODE        

        CLASS   STRING         
                strings                               3        3       12         0

        CLASS   CONST          

        CLASS   ENTRY          

        CLASS   COMMON         
                cstackCOMMON                         70       70        C         1
                bssCOMMON                            7C       7C        1         1

        CLASS   BANK0          
                cstackBANK0                          20       20        4         1
                bssBANK0                             24       24        2         1

        CLASS   BANK1          

        CLASS   BANK2          

        CLASS   BANK3          

        CLASS   RAM            

        CLASS   ABS1           
                abs_s1                               7E       7E        2         1

        CLASS   SFR0           

        CLASS   SFR1           

        CLASS   SFR2           

        CLASS   SFR3           

        CLASS   CONFIG         
                config                             2007     2007        1         4

        CLASS   IDLOC          

        CLASS   EEDATA         



SEGMENTS        Name                           Load    Length   Top    Selector   Space  Class     Delta

                reset_vec                      000000  000003  000003         0       0  CODE        2
                strings                        000003  000012  000015         6       0  STRING      2
                cstackBANK0                    000020  000006  000026        20       1  BANK0       1
                cstackCOMMON                   000070  00000D  00007D        70       1  COMMON      1
                text3                          000597  000009  0005A0       B2E       0  CODE        2
                text8                          0005A0  00000D  0005AD       B40       0  CODE        2
                text9                          0005AD  00001A  0005C7       B5A       0  CODE        2
                text10                         0005C7  000022  0005E9       B8E       0  CODE        2
                text1                          0005E9  00002D  000616       BD2       0  CODE        2
                text4                          000616  000031  000647       C2C       0  CODE        2
                text2                          000647  000036  00067D       C8E       0  CODE        2
                text6                          00067D  000052  0006CF       CFA       0  CODE        2
                text5                          0006CF  000053  000722       D9E       0  CODE        2
                text7                          000722  00005E  000780       E44       0  CODE        2
                maintext                       000780  000077  0007F7       F00       0  CODE        2
                cinit                          0007F7  000009  000800       FEE       0  CODE        2


UNUSED ADDRESS RANGES

        Name                Unused          Largest block    Delta
        BANK0            0026-006F             4A           1
        BANK1            00A0-00EF             50           1
        BANK2            0110-016F             60           1
        BANK3            0190-01EF             60           1
        CODE             0015-0596            582           2
                         0800-1FFF            800
        COMMON           007D-007D              1           1
        CONST            0015-0596            100           2
                         0800-1FFF            100
        EEDATA           2100-21FF            100           2
        ENTRY            0015-0596            100           2
                         0800-1FFF            100
        IDLOC            2000-2003              4           2
        RAM              0026-006F             4A           1
                         00A0-00EF             50
                         0110-016F             60
                         0190-01EF             60
        SFR0             0000-001F             20           1
        SFR1             0080-009F             20           1
        SFR2             0100-010F             10           1
        SFR3             0180-018F             10           1
        STACK            0110-016F             60           1
        STRCODE          0015-0596            582           2
                         0800-1FFF           1800
        STRING           0015-0596            100           2
                         0800-1FFF            100

                                  Symbol Table

?_sprintf                     cstackCOMMON 0070
Lcd_Cmd@a                     cstackCOMMON 0073
Lcd_Port@a                    cstackCOMMON 0070
Lcd_Set_Cursor@a              cstackCOMMON 0077
Lcd_Set_Cursor@b              cstackCOMMON 0074
Lcd_Set_Cursor@temp           cstackCOMMON 007A
Lcd_Set_Cursor@y              cstackCOMMON 0079
Lcd_Set_Cursor@z              cstackCOMMON 0078
SSpi_Clock_Source@value       cstackCOMMON 0070
Sram_write@address            cstackCOMMON 0070
Sram_write@dato               cstackCOMMON 0073
Sspi_work_Cpol_Cpha@mode      cstackCOMMON 0070
_CKE                          (abs)        04A6
_CKP                          (abs)        00A4
_Lcd_Clear                    text8        05A0
_Lcd_Cmd                      text9        05AD
_Lcd_Init                     text7        0722
_Lcd_Port                     text10       05C7
_Lcd_Set_Cursor               text6        067D
_PORTCbits                    (abs)        0007
_PORTDbits                    (abs)        0008
_RD2                          (abs)        0042
_RD3                          (abs)        0043
_RD4                          (abs)        0044
_RD5                          (abs)        0045
_RD6                          (abs)        0046
_RD7                          (abs)        0047
_SMP                          (abs)        04A7
_SSPBUF                       (abs)        0013
_SSPEN                        (abs)        00A5
_SSPM0                        (abs)        00A0
_SSPM1                        (abs)        00A1
_SSPM2                        (abs)        00A2
_SSPM3                        (abs)        00A3
_SSpi_Clock_Source            text5        06CF
_Sram_write                   text4        0616
_Sspi_Init                    text3        0597
_Sspi_work_Cpol_Cpha          text2        0647
_TRISCbits                    (abs)        0087
_TRISD                        (abs)        0088
__Habs1                       abs1         0000
__Hbank0                      bank0        0000
__Hbank1                      bank1        0000
__Hbank2                      bank2        0000
__Hbank3                      bank3        0000
__HbssBANK0                   bssBANK0     0000
__HbssCOMMON                  bssCOMMON    0000
__Hcinit                      cinit        0800
__Hclrtext                    clrtext      0000
__Hcode                       code         0000
__Hcommon                     common       0000
__Hconfig                     config       2008
__HcstackBANK0                cstackBANK0  0000
__HcstackCOMMON               cstackCOMMON 0000
__Heeprom_data                eeprom_data  0000
__Hend_init                   end_init     0003
__Hfunctab                    functab      0000
__Hinit                       init         0000
__Hintentry                   intentry     0000
__Hmaintext                   maintext     0000
__Hpowerup                    powerup      0000
__Hram                        ram          0000
__Hreset_vec                  reset_vec    0000
__Hsfr0                       sfr0         0000
__Hsfr1                       sfr1         0000
__Hsfr2                       sfr2         0000
__Hsfr3                       sfr3         0000
__Hspace_0                    (abs)        0800
__Hspace_1                    (abs)        007D
__Hspace_2                    (abs)        0000
__Hspace_3                    (abs)        0000
__Hspace_4                    (abs)        400F
__Hstack                      stack        0000
__Hstrings                    strings      0000
__Htext                       text         0000
__Labs1                       abs1         0000
__Lbank0                      bank0        0000
__Lbank1                      bank1        0000
__Lbank2                      bank2        0000
__Lbank3                      bank3        0000
__LbssBANK0                   bssBANK0     0000
__LbssCOMMON                  bssCOMMON    0000
__Lcinit                      cinit        07F7
__Lclrtext                    clrtext      0000
__Lcode                       code         0000
__Lcommon                     common       0000
__Lconfig                     config       0000
__LcstackBANK0                cstackBANK0  0000
__LcstackCOMMON               cstackCOMMON 0000
__Leeprom_data                eeprom_data  0000
__Lend_init                   end_init     0000
__Lfunctab                    functab      0000
__Linit                       init         0000
__Lintentry                   intentry     0000
__Lmaintext                   maintext     0000
__Lpowerup                    powerup      0000
__Lram                        ram          0000
__Lreset_vec                  reset_vec    0000
__Lsfr0                       sfr0         0000
__Lsfr1                       sfr1         0000
__Lsfr2                       sfr2         0000
__Lsfr3                       sfr3         0000
__Lspace_0                    (abs)        0000
__Lspace_1                    (abs)        0000
__Lspace_2                    (abs)        0000
__Lspace_3                    (abs)        0000
__Lspace_4                    (abs)        0000
__Lstack                      stack        0000
__Lstrings                    strings      0000
__Ltext                       text         0000
__S0                          (abs)        0800
__S1                          (abs)        007D
__S2                          (abs)        0000
__S3                          (abs)        0000
___int_sp                     stack        0000
___latbits                    (abs)        0002
___sp                         stack        0000
___stackhi                    (abs)        0000
___stacklo                    (abs)        0000
__end_of_Lcd_Clear            text8        05AD
__end_of_Lcd_Cmd              text9        05C7
__end_of_Lcd_Init             text7        0780
__end_of_Lcd_Port             text10       05E9
__end_of_Lcd_Set_Cursor       text6        06CF
__end_of_SSpi_Clock_Source    text5        0722
__end_of_Sram_write           text4        0647
__end_of_Sspi_Init            text3        05A0
__end_of_Sspi_work_Cpol_Cpha  text2        067D
__end_of__initialization      cinit        07FC
__end_of__stringtab           strings      0009
__end_of_main                 maintext     07F7
__end_of_sprintf              text1        0616
__initialization              cinit        07F7
__pbssBANK0                   bssBANK0     0024
__pbssCOMMON                  bssCOMMON    007C
__pcstackBANK0                cstackBANK0  0020
__pcstackCOMMON               cstackCOMMON 0070
__pmaintext                   maintext     0780
__pstrings                    strings      0003
__ptext1                      text1        05E9
__ptext10                     text10       05C7
__ptext2                      text2        0647
__ptext3                      text3        0597
__ptext4                      text4        0616
__ptext5                      text5        06CF
__ptext6                      text6        067D
__ptext7                      text7        0722
__ptext8                      text8        05A0
__ptext9                      text9        05AD
__size_of_Lcd_Clear           (abs)        0000
__size_of_Lcd_Cmd             (abs)        0000
__size_of_Lcd_Init            (abs)        0000
__size_of_Lcd_Port            (abs)        0000
__size_of_Lcd_Set_Cursor      (abs)        0000
__size_of_SSpi_Clock_Source   (abs)        0000
__size_of_Sram_write          (abs)        0000
__size_of_Sspi_Init           (abs)        0000
__size_of_Sspi_work_Cpol_Cpha (abs)        0000
__size_of_main                (abs)        0000
__size_of_sprintf             (abs)        0000
__stringbase                  strings      0008
__stringtab                   strings      0003
_main                         maintext     0780
_sprintf                      text1        05E9
btemp                         (abs)        007E
end_of_initialization         cinit        07FC
intlevel0                     functab      0000
intlevel1                     functab      0000
intlevel2                     functab      0000
intlevel3                     functab      0000
intlevel4                     functab      0000
intlevel5                     functab      0000
main@data                     cstackBANK0  0020
main@i                        cstackBANK0  0022
reset_vec                     reset_vec    0000
sprintf@ap                    cstackCOMMON 0074
sprintf@c                     cstackCOMMON 0075
sprintf@f                     cstackCOMMON 0072
sprintf@sp                    cstackCOMMON 0070
start                         init         0000
start_initialization          cinit        07F7
wtemp0                        (abs)        007E


MODULE INFORMATION

Module		Function		Class		Link	Load	Size
TestingSSPI.c
		_main          		CODE           	0780	0000	119
		_Sram_write    		CODE           	0616	0000	49

TestingSSPI.c estimated size: 168

./lcd.h
		_Lcd_Init      		CODE           	0722	0000	94
		_Lcd_Cmd       		CODE           	05AD	0000	26
		_Lcd_Set_Cursor		CODE           	067D	0000	82
		_Lcd_Clear     		CODE           	05A0	0000	13
		_Lcd_Port      		CODE           	05C7	0000	34

./lcd.h estimated size: 249

shared
		__stringtab    		STRING         	0003	0000	6
		__initialization		CODE           	07F7	0000	5

shared estimated size: 11

./SSPI.h
		_Sspi_Init     		CODE           	0597	0000	9
		_Sspi_work_Cpol_Cpha		CODE           	0647	0000	54
		_SSpi_Clock_Source		CODE           	06CF	0000	83

./SSPI.h estimated size: 146

C:\Program Files\Microchip\xc8\v2.32\pic\sources\c90\common\doprnt.c
		_sprintf       		CODE           	05E9	0000	45

C:\Program Files\Microchip\xc8\v2.32\pic\sources\c90\common\doprnt.c estimated size: 45

